// Jest Snapshot v1, https://goo.gl/fbAQLP

exports[`CVUnorderedList renders correctly 1`] = `
<ul
  className="list-inside list-disc marker:text-purple print:marker:text-light-text"
>
  <li>
    keyword
  </li>
  <li>
    another keyword
  </li>
  <li>
    3
  </li>
</ul>
`;
