// Jest Snapshot v1, https://goo.gl/fbAQLP

exports[`Footer renders correctly 1`] = `
<footer
  className="pt-8 pb-16 items-center"
>
  Test
</footer>
`;
